nohup: ignoring input
YCSB migration experiments (2 VMs) — chunk: all
  policies: AgingAutoScan AgingScanAware
  query_types: scan rmw mixed
  cross_ratio: 10 50 90
  zipf_theta: 0.5 0.7 0.99
  rw_ratio: 10 50 90
  repeats: 1
Results directory: /users/Chloevan/tigon/results/ycsb_migration_policy_experiments

Killing previous experiments (bench_ycsb) on 2 host(s)...
==========================================================
Running: policy_AgingAutoScan_query_scan_cross10_zipf0.5_rw10
  output: /users/Chloevan/tigon/results/ycsb_migration_policy_experiments/policy_AgingAutoScan_query_scan_cross10_zipf0.5_rw10.txt
==========================================================
  done.
Killing previous experiments (bench_ycsb) on 2 host(s)...
==========================================================
Running: policy_AgingAutoScan_query_scan_cross10_zipf0.5_rw50
  output: /users/Chloevan/tigon/results/ycsb_migration_policy_experiments/policy_AgingAutoScan_query_scan_cross10_zipf0.5_rw50.txt
==========================================================
  done.
Killing previous experiments (bench_ycsb) on 2 host(s)...
==========================================================
Running: policy_AgingAutoScan_query_scan_cross10_zipf0.5_rw90
  output: /users/Chloevan/tigon/results/ycsb_migration_policy_experiments/policy_AgingAutoScan_query_scan_cross10_zipf0.5_rw90.txt
==========================================================
  done.
Killing previous experiments (bench_ycsb) on 2 host(s)...
==========================================================
Running: policy_AgingAutoScan_query_scan_cross10_zipf0.7_rw10
  output: /users/Chloevan/tigon/results/ycsb_migration_policy_experiments/policy_AgingAutoScan_query_scan_cross10_zipf0.7_rw10.txt
==========================================================
  done.
Killing previous experiments (bench_ycsb) on 2 host(s)...
==========================================================
Running: policy_AgingAutoScan_query_scan_cross10_zipf0.7_rw50
  output: /users/Chloevan/tigon/results/ycsb_migration_policy_experiments/policy_AgingAutoScan_query_scan_cross10_zipf0.7_rw50.txt
==========================================================
  done.
Killing previous experiments (bench_ycsb) on 2 host(s)...
==========================================================
Running: policy_AgingAutoScan_query_scan_cross10_zipf0.7_rw90
  output: /users/Chloevan/tigon/results/ycsb_migration_policy_experiments/policy_AgingAutoScan_query_scan_cross10_zipf0.7_rw90.txt
==========================================================
  done.
Killing previous experiments (bench_ycsb) on 2 host(s)...
==========================================================
Running: policy_AgingAutoScan_query_scan_cross10_zipf0.99_rw10
  output: /users/Chloevan/tigon/results/ycsb_migration_policy_experiments/policy_AgingAutoScan_query_scan_cross10_zipf0.99_rw10.txt
==========================================================
  done.
Killing previous experiments (bench_ycsb) on 2 host(s)...
==========================================================
Running: policy_AgingAutoScan_query_scan_cross10_zipf0.99_rw50
  output: /users/Chloevan/tigon/results/ycsb_migration_policy_experiments/policy_AgingAutoScan_query_scan_cross10_zipf0.99_rw50.txt
==========================================================
  done.
Killing previous experiments (bench_ycsb) on 2 host(s)...
==========================================================
Running: policy_AgingAutoScan_query_scan_cross10_zipf0.99_rw90
  output: /users/Chloevan/tigon/results/ycsb_migration_policy_experiments/policy_AgingAutoScan_query_scan_cross10_zipf0.99_rw90.txt
==========================================================
  done.
Killing previous experiments (bench_ycsb) on 2 host(s)...
==========================================================
Running: policy_AgingAutoScan_query_scan_cross50_zipf0.5_rw10
  output: /users/Chloevan/tigon/results/ycsb_migration_policy_experiments/policy_AgingAutoScan_query_scan_cross50_zipf0.5_rw10.txt
==========================================================
  done.
Killing previous experiments (bench_ycsb) on 2 host(s)...
==========================================================
Running: policy_AgingAutoScan_query_scan_cross50_zipf0.5_rw50
  output: /users/Chloevan/tigon/results/ycsb_migration_policy_experiments/policy_AgingAutoScan_query_scan_cross50_zipf0.5_rw50.txt
==========================================================
  done.
Killing previous experiments (bench_ycsb) on 2 host(s)...
==========================================================
Running: policy_AgingAutoScan_query_scan_cross50_zipf0.5_rw90
  output: /users/Chloevan/tigon/results/ycsb_migration_policy_experiments/policy_AgingAutoScan_query_scan_cross50_zipf0.5_rw90.txt
==========================================================
  done.
Killing previous experiments (bench_ycsb) on 2 host(s)...
==========================================================
Running: policy_AgingAutoScan_query_scan_cross50_zipf0.7_rw10
  output: /users/Chloevan/tigon/results/ycsb_migration_policy_experiments/policy_AgingAutoScan_query_scan_cross50_zipf0.7_rw10.txt
==========================================================
  done.
Killing previous experiments (bench_ycsb) on 2 host(s)...
==========================================================
Running: policy_AgingAutoScan_query_scan_cross50_zipf0.7_rw50
  output: /users/Chloevan/tigon/results/ycsb_migration_policy_experiments/policy_AgingAutoScan_query_scan_cross50_zipf0.7_rw50.txt
==========================================================
  done.
Killing previous experiments (bench_ycsb) on 2 host(s)...
==========================================================
Running: policy_AgingAutoScan_query_scan_cross50_zipf0.7_rw90
  output: /users/Chloevan/tigon/results/ycsb_migration_policy_experiments/policy_AgingAutoScan_query_scan_cross50_zipf0.7_rw90.txt
==========================================================
  done.
Killing previous experiments (bench_ycsb) on 2 host(s)...
==========================================================
Running: policy_AgingAutoScan_query_scan_cross50_zipf0.99_rw10
  output: /users/Chloevan/tigon/results/ycsb_migration_policy_experiments/policy_AgingAutoScan_query_scan_cross50_zipf0.99_rw10.txt
==========================================================
  done.
Killing previous experiments (bench_ycsb) on 2 host(s)...
==========================================================
Running: policy_AgingAutoScan_query_scan_cross50_zipf0.99_rw50
  output: /users/Chloevan/tigon/results/ycsb_migration_policy_experiments/policy_AgingAutoScan_query_scan_cross50_zipf0.99_rw50.txt
==========================================================
  done.
Killing previous experiments (bench_ycsb) on 2 host(s)...
==========================================================
Running: policy_AgingAutoScan_query_scan_cross50_zipf0.99_rw90
  output: /users/Chloevan/tigon/results/ycsb_migration_policy_experiments/policy_AgingAutoScan_query_scan_cross50_zipf0.99_rw90.txt
==========================================================
  done.
Killing previous experiments (bench_ycsb) on 2 host(s)...
==========================================================
Running: policy_AgingAutoScan_query_scan_cross90_zipf0.5_rw10
  output: /users/Chloevan/tigon/results/ycsb_migration_policy_experiments/policy_AgingAutoScan_query_scan_cross90_zipf0.5_rw10.txt
==========================================================
  done.
Killing previous experiments (bench_ycsb) on 2 host(s)...
==========================================================
Running: policy_AgingAutoScan_query_scan_cross90_zipf0.5_rw50
  output: /users/Chloevan/tigon/results/ycsb_migration_policy_experiments/policy_AgingAutoScan_query_scan_cross90_zipf0.5_rw50.txt
==========================================================
  done.
Killing previous experiments (bench_ycsb) on 2 host(s)...
==========================================================
Running: policy_AgingAutoScan_query_scan_cross90_zipf0.5_rw90
  output: /users/Chloevan/tigon/results/ycsb_migration_policy_experiments/policy_AgingAutoScan_query_scan_cross90_zipf0.5_rw90.txt
==========================================================
  done.
Killing previous experiments (bench_ycsb) on 2 host(s)...
==========================================================
Running: policy_AgingAutoScan_query_scan_cross90_zipf0.7_rw10
  output: /users/Chloevan/tigon/results/ycsb_migration_policy_experiments/policy_AgingAutoScan_query_scan_cross90_zipf0.7_rw10.txt
==========================================================
  done.
Killing previous experiments (bench_ycsb) on 2 host(s)...
==========================================================
Running: policy_AgingAutoScan_query_scan_cross90_zipf0.7_rw50
  output: /users/Chloevan/tigon/results/ycsb_migration_policy_experiments/policy_AgingAutoScan_query_scan_cross90_zipf0.7_rw50.txt
==========================================================
  done.
Killing previous experiments (bench_ycsb) on 2 host(s)...
==========================================================
Running: policy_AgingAutoScan_query_scan_cross90_zipf0.7_rw90
  output: /users/Chloevan/tigon/results/ycsb_migration_policy_experiments/policy_AgingAutoScan_query_scan_cross90_zipf0.7_rw90.txt
==========================================================
  done.
Killing previous experiments (bench_ycsb) on 2 host(s)...
==========================================================
Running: policy_AgingAutoScan_query_scan_cross90_zipf0.99_rw10
  output: /users/Chloevan/tigon/results/ycsb_migration_policy_experiments/policy_AgingAutoScan_query_scan_cross90_zipf0.99_rw10.txt
==========================================================
  done.
Killing previous experiments (bench_ycsb) on 2 host(s)...
==========================================================
Running: policy_AgingAutoScan_query_scan_cross90_zipf0.99_rw50
  output: /users/Chloevan/tigon/results/ycsb_migration_policy_experiments/policy_AgingAutoScan_query_scan_cross90_zipf0.99_rw50.txt
==========================================================
  done.
Killing previous experiments (bench_ycsb) on 2 host(s)...
==========================================================
Running: policy_AgingAutoScan_query_scan_cross90_zipf0.99_rw90
  output: /users/Chloevan/tigon/results/ycsb_migration_policy_experiments/policy_AgingAutoScan_query_scan_cross90_zipf0.99_rw90.txt
==========================================================
  done.
Killing previous experiments (bench_ycsb) on 2 host(s)...
==========================================================
Running: policy_AgingAutoScan_query_rmw_cross10_zipf0.5_rw10
  output: /users/Chloevan/tigon/results/ycsb_migration_policy_experiments/policy_AgingAutoScan_query_rmw_cross10_zipf0.5_rw10.txt
==========================================================
  done.
Killing previous experiments (bench_ycsb) on 2 host(s)...
==========================================================
Running: policy_AgingAutoScan_query_rmw_cross10_zipf0.5_rw50
  output: /users/Chloevan/tigon/results/ycsb_migration_policy_experiments/policy_AgingAutoScan_query_rmw_cross10_zipf0.5_rw50.txt
==========================================================
  done.
Killing previous experiments (bench_ycsb) on 2 host(s)...
==========================================================
Running: policy_AgingAutoScan_query_rmw_cross10_zipf0.5_rw90
  output: /users/Chloevan/tigon/results/ycsb_migration_policy_experiments/policy_AgingAutoScan_query_rmw_cross10_zipf0.5_rw90.txt
==========================================================
  done.
Killing previous experiments (bench_ycsb) on 2 host(s)...
==========================================================
Running: policy_AgingAutoScan_query_rmw_cross10_zipf0.7_rw10
  output: /users/Chloevan/tigon/results/ycsb_migration_policy_experiments/policy_AgingAutoScan_query_rmw_cross10_zipf0.7_rw10.txt
==========================================================
  done.
Killing previous experiments (bench_ycsb) on 2 host(s)...
==========================================================
Running: policy_AgingAutoScan_query_rmw_cross10_zipf0.7_rw50
  output: /users/Chloevan/tigon/results/ycsb_migration_policy_experiments/policy_AgingAutoScan_query_rmw_cross10_zipf0.7_rw50.txt
==========================================================
  done.
Killing previous experiments (bench_ycsb) on 2 host(s)...
==========================================================
Running: policy_AgingAutoScan_query_rmw_cross10_zipf0.7_rw90
  output: /users/Chloevan/tigon/results/ycsb_migration_policy_experiments/policy_AgingAutoScan_query_rmw_cross10_zipf0.7_rw90.txt
==========================================================
  done.
Killing previous experiments (bench_ycsb) on 2 host(s)...
==========================================================
Running: policy_AgingAutoScan_query_rmw_cross10_zipf0.99_rw10
  output: /users/Chloevan/tigon/results/ycsb_migration_policy_experiments/policy_AgingAutoScan_query_rmw_cross10_zipf0.99_rw10.txt
==========================================================
  done.
Killing previous experiments (bench_ycsb) on 2 host(s)...
==========================================================
Running: policy_AgingAutoScan_query_rmw_cross10_zipf0.99_rw50
  output: /users/Chloevan/tigon/results/ycsb_migration_policy_experiments/policy_AgingAutoScan_query_rmw_cross10_zipf0.99_rw50.txt
==========================================================
  done.
Killing previous experiments (bench_ycsb) on 2 host(s)...
==========================================================
Running: policy_AgingAutoScan_query_rmw_cross10_zipf0.99_rw90
  output: /users/Chloevan/tigon/results/ycsb_migration_policy_experiments/policy_AgingAutoScan_query_rmw_cross10_zipf0.99_rw90.txt
==========================================================
  done.
Killing previous experiments (bench_ycsb) on 2 host(s)...
==========================================================
Running: policy_AgingAutoScan_query_rmw_cross50_zipf0.5_rw10
  output: /users/Chloevan/tigon/results/ycsb_migration_policy_experiments/policy_AgingAutoScan_query_rmw_cross50_zipf0.5_rw10.txt
==========================================================
  done.
Killing previous experiments (bench_ycsb) on 2 host(s)...
==========================================================
Running: policy_AgingAutoScan_query_rmw_cross50_zipf0.5_rw50
  output: /users/Chloevan/tigon/results/ycsb_migration_policy_experiments/policy_AgingAutoScan_query_rmw_cross50_zipf0.5_rw50.txt
==========================================================
  done.
Killing previous experiments (bench_ycsb) on 2 host(s)...
==========================================================
Running: policy_AgingAutoScan_query_rmw_cross50_zipf0.5_rw90
  output: /users/Chloevan/tigon/results/ycsb_migration_policy_experiments/policy_AgingAutoScan_query_rmw_cross50_zipf0.5_rw90.txt
==========================================================
  done.
Killing previous experiments (bench_ycsb) on 2 host(s)...
==========================================================
Running: policy_AgingAutoScan_query_rmw_cross50_zipf0.7_rw10
  output: /users/Chloevan/tigon/results/ycsb_migration_policy_experiments/policy_AgingAutoScan_query_rmw_cross50_zipf0.7_rw10.txt
==========================================================
  done.
Killing previous experiments (bench_ycsb) on 2 host(s)...
==========================================================
Running: policy_AgingAutoScan_query_rmw_cross50_zipf0.7_rw50
  output: /users/Chloevan/tigon/results/ycsb_migration_policy_experiments/policy_AgingAutoScan_query_rmw_cross50_zipf0.7_rw50.txt
==========================================================
  done.
Killing previous experiments (bench_ycsb) on 2 host(s)...
==========================================================
Running: policy_AgingAutoScan_query_rmw_cross50_zipf0.7_rw90
  output: /users/Chloevan/tigon/results/ycsb_migration_policy_experiments/policy_AgingAutoScan_query_rmw_cross50_zipf0.7_rw90.txt
==========================================================
  done.
Killing previous experiments (bench_ycsb) on 2 host(s)...
==========================================================
Running: policy_AgingAutoScan_query_rmw_cross50_zipf0.99_rw10
  output: /users/Chloevan/tigon/results/ycsb_migration_policy_experiments/policy_AgingAutoScan_query_rmw_cross50_zipf0.99_rw10.txt
==========================================================
